../Core/Src/main.c:102:5:main	8	static
../Core/Src/main.c:171:6:SystemClock_Config	88	static
../Core/Src/main.c:213:13:MX_ADC1_Init	24	static
../Core/Src/main.c:274:13:MX_TIM3_Init	32	static
../Core/Src/main.c:318:13:MX_TIM4_Init	48	static
../Core/Src/main.c:375:13:MX_TIM8_Init	80	static
../Core/Src/main.c:448:13:MX_USART3_UART_Init	8	static
../Core/Src/main.c:479:13:MX_DMA_Init	16	static
../Core/Src/main.c:497:13:MX_GPIO_Init	40	static
../Core/Src/main.c:548:6:HAL_UART_RxCpltCallback	16	static
../Core/Src/main.c:570:6:UART3_SendString	16	static
../Core/Src/main.c:575:6:send_response	16	static
../Core/Src/main.c:580:7:adc_to_current	32	static
../Core/Src/main.c:588:6:read_adc_and_send	104	static
../Core/Src/main.c:610:6:set_led	16	static
../Core/Src/main.c:620:6:set_pwm	24	static
../Core/Src/main.c:644:6:process_command	56	static
../Core/Src/main.c:695:6:Error_Handler	4	static,ignoring_inline_asm
