../Core/Src/main.c:105:5:main	8	static
../Core/Src/main.c:206:6:SystemClock_Config	88	static
../Core/Src/main.c:248:13:MX_ADC1_Init	24	static
../Core/Src/main.c:309:13:MX_SPI2_Init	8	static
../Core/Src/main.c:347:13:MX_TIM3_Init	32	static
../Core/Src/main.c:391:13:MX_TIM4_Init	48	static
../Core/Src/main.c:448:13:MX_TIM8_Init	80	static
../Core/Src/main.c:521:13:MX_USART3_UART_Init	8	static
../Core/Src/main.c:552:13:MX_DMA_Init	16	static
../Core/Src/main.c:570:13:MX_GPIO_Init	40	static
../Core/Src/main.c:631:6:HAL_UART_RxCpltCallback	16	static
../Core/Src/main.c:653:6:UART3_SendString	16	static
../Core/Src/main.c:658:6:send_response	16	static
../Core/Src/main.c:663:7:adc_to_current	32	static
../Core/Src/main.c:671:6:read_adc_and_send	104	static
../Core/Src/main.c:693:6:set_led	16	static
../Core/Src/main.c:703:6:set_pwm	24	static
../Core/Src/main.c:727:6:process_command	56	static
../Core/Src/main.c:773:9:nrf_spi_transfer	32	static
../Core/Src/main.c:780:6:nrf_write_register	16	static
../Core/Src/main.c:788:6:nrf_write_register_multi	24	static
../Core/Src/main.c:802:9:nrf_read_register	24	static
../Core/Src/main.c:814:6:nrf24_init_rx	16	static
../Core/Src/main.c:847:9:nrf_data_ready	16	static
../Core/Src/main.c:853:6:nrf_read_payload	32	static
../Core/Src/main.c:868:6:nrf24_receive_task	40	static
../Core/Src/main.c:881:6:NRF_ProcessReceivedData	40	static
../Core/Src/main.c:906:6:Error_Handler	4	static,ignoring_inline_asm
