../Core/Src/main.c:92:5:main	8	static
../Core/Src/main.c:182:6:SystemClock_Config	88	static
../Core/Src/main.c:224:13:MX_ADC1_Init	24	static
../Core/Src/main.c:303:13:MX_TIM3_Init	32	static
../Core/Src/main.c:347:13:MX_TIM4_Init	48	static
../Core/Src/main.c:404:13:MX_TIM8_Init	80	static
../Core/Src/main.c:477:13:MX_USART3_UART_Init	8	static
../Core/Src/main.c:508:13:MX_DMA_Init	16	static
../Core/Src/main.c:526:13:MX_GPIO_Init	40	static
../Core/Src/main.c:564:6:HAL_UART_RxCpltCallback	16	static
../Core/Src/main.c:586:6:UART3_SendString	16	static
../Core/Src/main.c:591:6:send_response	16	static
../Core/Src/main.c:596:6:set_led	16	static
../Core/Src/main.c:606:6:set_pwm	24	static
../Core/Src/main.c:630:6:process_command	56	static
../Core/Src/main.c:677:6:Error_Handler	4	static,ignoring_inline_asm
