../Core/Src/main.c:93:5:main	1
../Core/Src/main.c:183:6:SystemClock_Config	3
../Core/Src/main.c:225:13:MX_ADC1_Init	4
../Core/Src/main.c:286:13:MX_TIM3_Init	3
../Core/Src/main.c:330:13:MX_TIM4_Init	6
../Core/Src/main.c:387:13:MX_TIM8_Init	7
../Core/Src/main.c:460:13:MX_USART3_UART_Init	2
../Core/Src/main.c:491:13:MX_DMA_Init	1
../Core/Src/main.c:509:13:MX_GPIO_Init	1
../Core/Src/main.c:550:6:HAL_UART_RxCpltCallback	4
../Core/Src/main.c:572:6:UART3_SendString	1
../Core/Src/main.c:577:6:send_response	1
../Core/Src/main.c:582:6:set_led	2
../Core/Src/main.c:592:6:set_pwm	6
../Core/Src/main.c:616:6:process_command	8
../Core/Src/main.c:663:6:Error_Handler	1
