../Core/Src/main.c:106:5:main	8	static
../Core/Src/main.c:177:6:SystemClock_Config	88	static
../Core/Src/main.c:219:13:MX_ADC1_Init	24	static
../Core/Src/main.c:280:13:MX_TIM3_Init	32	static
../Core/Src/main.c:324:13:MX_TIM4_Init	48	static
../Core/Src/main.c:381:13:MX_TIM8_Init	80	static
../Core/Src/main.c:454:13:MX_UART5_Init	8	static
../Core/Src/main.c:487:13:MX_USART1_UART_Init	8	static
../Core/Src/main.c:520:13:MX_USART3_UART_Init	8	static
../Core/Src/main.c:551:13:MX_DMA_Init	16	static
../Core/Src/main.c:569:13:MX_GPIO_Init	48	static
../Core/Src/main.c:611:6:HAL_UART_RxCpltCallback	16	static
../Core/Src/main.c:633:6:UART3_SendString	16	static
../Core/Src/main.c:638:6:send_response	16	static
../Core/Src/main.c:643:7:adc_to_current	32	static
../Core/Src/main.c:651:6:read_adc_and_send	104	static
../Core/Src/main.c:673:6:set_led	16	static
../Core/Src/main.c:683:6:set_pwm	24	static
../Core/Src/main.c:707:6:process_command	56	static
../Core/Src/main.c:758:6:Error_Handler	4	static,ignoring_inline_asm
