../Core/Src/main.c:97:5:main	8	static
../Core/Src/main.c:187:6:SystemClock_Config	88	static
../Core/Src/main.c:229:13:MX_ADC1_Init	24	static
../Core/Src/main.c:290:13:MX_TIM3_Init	32	static
../Core/Src/main.c:334:13:MX_TIM4_Init	48	static
../Core/Src/main.c:391:13:MX_TIM8_Init	80	static
../Core/Src/main.c:464:13:MX_USART3_UART_Init	8	static
../Core/Src/main.c:495:13:MX_DMA_Init	16	static
../Core/Src/main.c:513:13:MX_GPIO_Init	40	static
../Core/Src/main.c:554:6:HAL_UART_RxCpltCallback	16	static
../Core/Src/main.c:576:6:UART3_SendString	16	static
../Core/Src/main.c:581:6:send_response	16	static
../Core/Src/main.c:586:7:adc_to_current	32	static
../Core/Src/main.c:594:6:read_adc_and_send	104	static
../Core/Src/main.c:616:6:set_led	16	static
../Core/Src/main.c:626:6:set_pwm	24	static
../Core/Src/main.c:650:6:process_command	56	static
../Core/Src/main.c:701:6:Error_Handler	4	static,ignoring_inline_asm
