../Core/Src/main.c:105:5:main	1
../Core/Src/main.c:206:6:SystemClock_Config	3
../Core/Src/main.c:248:13:MX_ADC1_Init	4
../Core/Src/main.c:309:13:MX_SPI2_Init	2
../Core/Src/main.c:347:13:MX_TIM3_Init	3
../Core/Src/main.c:391:13:MX_TIM4_Init	6
../Core/Src/main.c:448:13:MX_TIM8_Init	7
../Core/Src/main.c:521:13:MX_USART3_UART_Init	2
../Core/Src/main.c:552:13:MX_DMA_Init	1
../Core/Src/main.c:570:13:MX_GPIO_Init	1
../Core/Src/main.c:631:6:HAL_UART_RxCpltCallback	4
../Core/Src/main.c:653:6:UART3_SendString	1
../Core/Src/main.c:658:6:send_response	1
../Core/Src/main.c:663:7:adc_to_current	1
../Core/Src/main.c:671:6:read_adc_and_send	2
../Core/Src/main.c:693:6:set_led	2
../Core/Src/main.c:703:6:set_pwm	6
../Core/Src/main.c:727:6:process_command	9
../Core/Src/main.c:773:9:nrf_spi_transfer	1
../Core/Src/main.c:780:6:nrf_write_register	1
../Core/Src/main.c:788:6:nrf_write_register_multi	2
../Core/Src/main.c:802:9:nrf_read_register	1
../Core/Src/main.c:814:6:nrf24_init_rx	1
../Core/Src/main.c:847:9:nrf_data_ready	1
../Core/Src/main.c:853:6:nrf_read_payload	2
../Core/Src/main.c:868:6:nrf24_receive_task	2
../Core/Src/main.c:881:6:NRF_ProcessReceivedData	1
../Core/Src/main.c:906:6:Error_Handler	1
